// Jest Snapshot v1, https://goo.gl/fbAQLP

exports[`ResultItemTitle renders as expected 1`] = `
<div>
  <div
    class="ResultItemTitle"
  >
    <label
      class="ant-checkbox-wrapper ant-checkbox-wrapper-checked ResultItemTitle--item ub-flex-none css-dev-only-do-not-override-18afz5u"
    >
      <span
        class="ant-checkbox ant-wave-target css-dev-only-do-not-override-18afz5u ant-checkbox-checked"
      >
        <input
          checked=""
          class="ant-checkbox-input"
          type="checkbox"
        />
        <span
          class="ant-checkbox-inner"
        />
      </span>
    </label>
    <a
      class="ResultItemTitle--item ub-flex-auto"
      href="/search?traceID=trace-id-longer-than-8"
    >
      <span
        class="ResultItemTitle--durationBar"
        style="width: 10%;"
      />
      <span
        class="ub-right ub-relative"
      >
        150ms
      </span>
      <h3
        class="ResultItemTitle--title"
      >
        <span
          class="TraceName  "
          data-testid="traceName"
        >
          <span
            class="BreakableText"
          >
            traceNameValue
          </span>
        </span>
        <small
          class="TraceIDLength TraceIDLength--short u-tx-muted  ResultItemTitle--idExcerpt "
        >
          trace-i
        </small>
      </h3>
    </a>
  </div>
</div>
`;
