// Jest Snapshot v1, https://goo.gl/fbAQLP

exports[`UiFind rendering renders as expected 1`] = `
<div>
  <span
    class="ant-input-affix-wrapper css-dev-only-do-not-override-18afz5u ant-input-outlined"
  >
    <input
      class="ant-input css-dev-only-do-not-override-18afz5u"
      placeholder="Find..."
      type="text"
      value=""
    />
    <span
      class="ant-input-suffix"
    />
  </span>
</div>
`;
